---
source: tests/command_line.rs
expression: "frame_to_string(&client.store, 120, 36)"
---
" ACWI 152.47 ▼1.34%   SPY 729.46 ▼1.54%   QQQ 661.73 ▼2.04%   XLK 285.24 ▼2.08%   XLF 52.40 ▲1.24%   ACWI 152.47 ▼1.34% "
" 1 ATLAS│▌ THE READ  2026-07-30         ▌ EQUITY                                      │▌ PULSE                          "
"▌2 DESK │▮ 84.0% CONV┌────────────────────────────────────────────────────────────────────────────┐  …                  "
" 3 MKTS │ALIGNED · ST│▌ ATLAS · THE ASK ROW                                                       │  robust UNCERTAIN   "
" 4 BOOK │            │ i          focus the empty row — for a question starting with a key the sh…│0%  tier NONE        "
" 5 RSCH │WOULD CHANGE│ any key    types straight in — there is no mode key on this pane           │%                    "
" 6 WORK │▌ Absorption│ Backspace  deletes a character                                             │                     "
" 7 AUDIT│  below its │ Enter      puts the question to the desk — an empty one is not sent        │                     "
" 8 SETT │  sessions. │ Esc        clears the row and gives the keyboard back                      │████████████████████ "
"        │            │                                                                            │ 4                   "
"        │OBSERVATIONS│▌ MKTS                                                                      │                     "
"        │▌ Indicator │ ↑          the row above                                                   │                     "
"        │  with 3 of │ ↓          the row below                                                   │    +1.24%           "
"        │  agreeing. │ ←          the crosshair, one bar back                                     │    -2.08%           "
"        │            │ →          the crosshair, one bar forward                                  │                     "
"        │NEWS        │ s          cycle the grid's order — desk, change, vol, name                │                     "
"        │RISK OFF · a│                                                                            │or the regime panel  "
"        │› Rate-path │▌ BOOK                                                                      │                     "
"        │  index futu│ ↑          the position above                                              │                     "
"        │  wire-a    │ ↓          the position below                                              │                     "
"        │› Energy inv│ s          cycle the sort column                                           │                     "
"        │  ahead of t│ ]          the next page of the blotter                                    │                     "
"        │  wire-b    │ [          the previous page                                               │                     "
"        │            │ h          what the holdings rail is shaded by                             │                     "
"        │ATLAS       │ p          the window the equity curve draws                               │STRESS               "
"        │· Mode is PR│ n          the next plan card                                              │ALIGNED              "
"        │  is ON: Atl│ x          ask to execute the selected plan — opens the confirmation box   │84.0%                "
"        │  mode permi│                                                                            │alpaca               "
"        │· No trigger│▌ WORK                                                                      │─────────────────────"
"        │  drawdown t│ i          ask the desk a question                                         │⠀                    "
"        │  regime fli│ S          start a governed workflow                                       │⠀                    "
"        │  Nothing to│                                                                            │⠒                    "
"        │  idle by ac│ ↓ 51 more · Esc closes                                                     │⠀                    "
"        │read c60c460└────────────────────────────────────────────────────────────────────────────┘⠀                    "
"        │window 45fbb3f32be5bef9        ─────────────────────── ──────────────────────│ WATCHING                        "
" /command …   http://127.0.0.1:8765                                   ● SSE  ● OWNER  SYNTHETIC  propose·auto  OPERATOR "
