---
source: tests/command_line.rs
assertion_line: 451
expression: "frame_to_string(&client.store, 120, 36)"
---
" ACWI 152.47 ▼1.34%   SPY 729.46 ▼1.54%   QQQ 661.73 ▼2.04%   XLK 285.24 ▼2.08%   XLF 52.40 ▲1.24%   ACWI 152.47 ▼1.34% "
"▌1 DESK │▌ THE READ  2026-07-30         ▌ EQUITY                                      │▌ PULSE                          "
" 2 MKTS │▮ 84.0% CONV┌────────────────────────────────────────────────────────────────────────────┐  …                  "
" 3 BOOK │ALIGNED · ST│▌ THIS OVERLAY                                                              │  robust UNCERTAIN   "
" 4 RSCH │            │ ↑          scroll up                                                       │0%  tier NONE        "
" 5 WORK │WOULD CHANGE│ ↓          scroll down                                                     │%                    "
" 6 AUDIT│▌ Absorption│ Esc        close                                                           │                     "
" 7 SETT │  below its │ ?          close                                                           │                     "
"        │  sessions. │                                                                            │████████████████████ "
"        │            │▌ MKTS                                                                      │ 4                   "
"        │OBSERVATIONS│ ↑          the row above                                                   │                     "
"        │▌ Indicator │ ↓          the row below                                                   │                     "
"        │  with 3 of │ ←          the crosshair, one bar back                                     │    +1.24%           "
"        │  agreeing. │ →          the crosshair, one bar forward                                  │    -2.08%           "
"        │            │                                                                            │                     "
"        │NEWS        │▌ BOOK                                                                      │                     "
"        │RISK OFF · a│ ↑          the position above                                              │or the regime panel  "
"        │› Rate-path │ ↓          the position below                                              │                     "
"        │  index futu│ s          cycle the sort column                                           │                     "
"        │  wire-a    │ ]          the next page of the blotter                                    │                     "
"        │› Energy inv│ [          the previous page                                               │                     "
"        │  ahead of t│ h          what the holdings rail is shaded by                             │                     "
"        │  wire-b    │ p          the window the equity curve draws                               │                     "
"        │            │ n          the next plan card                                              │                     "
"        │ATLAS       │ x          ask to execute the selected plan — opens the confirmation box   │STRESS               "
"        │· Mode is PR│                                                                            │ALIGNED              "
"        │  is ON: Atl│▌ WORK                                                                      │84.0%                "
"        │  mode permi│ i          ask the desk a question                                         │alpaca               "
"        │· No trigger│ S          start a governed workflow                                       │─────────────────────"
"        │  drawdown t│                                                                            │⠀                    "
"        │  regime fli│▌ WORK · THE QUESTION ROW                                                   │⠀                    "
"        │  Nothing to│ any key    types the question                                              │⠒                    "
"        │  idle by ac│ ↓ 34 more · Esc closes                                                     │⠀                    "
"        │read c60c460└────────────────────────────────────────────────────────────────────────────┘⠀                    "
"        │window 45fbb3f32be5bef9        ─────────────────────── ──────────────────────│ WATCHING                        "
" /command …   http://127.0.0.1:8765                                   ● SSE  ● OWNER  SYNTHETIC  propose·auto  OPERATOR "
