---
source: tests/command_line.rs
expression: "frame_to_string(&client.store, 120, 36)"
---
" ACWI 152.47 ▼1.34%   SPY 729.46 ▼1.54%   QQQ 661.73 ▼2.04%   XLK 285.24 ▼2.08%   XLF 52.40 ▲1.24%   ACWI 152.47 ▼1.34% "
" 1 ATLAS│▌ THE READ  2026-07-30         ▌ EQUITY                                      │▌ PULSE                          "
"▌2 DESK │▮ 84.0% CONV┌────────────────────────────────────────────────────────────────────────────┐  …                  "
" 3 MKTS │ALIGNED · ST│                                                                            │  robust UNCERTAIN   "
" 4 BOOK │            │▌ ATLAS · THE ASK ROW                                                       │0%  tier NONE        "
" 5 RSCH │WOULD CHANGE│ i          focus the empty row — for a question starting with a key the sh…│%                    "
" 6 PRED │▌ Absorption│ any key    types straight in — there is no mode key on this pane           │                     "
" 7 WORK │  below its │ Backspace  deletes a character                                             │                     "
" 8 AUDIT│  sessions. │ Enter      puts the question to the desk — an empty one is not sent        │████████████████████ "
" 9 SETT │            │ Esc        clears the row and gives the keyboard back                      │ 4                   "
" 0 VIS  │OBSERVATIONS│                                                                            │                     "
"        │▌ Indicator │▌ MKTS                                                                      │                     "
"        │  with 3 of │ ↑          the row above                                                   │    +1.24%           "
"        │  agreeing. │ ↓          the row below                                                   │    -2.08%           "
"        │            │ ←          the crosshair, one bar back                                     │                     "
"        │NEWS        │ →          the crosshair, one bar forward                                  │                     "
"        │RISK OFF · a│ s          cycle the grid's order — desk, change, vol, name                │or the regime panel  "
"        │› Rate-path │                                                                            │                     "
"        │  index futu│▌ BOOK                                                                      │                     "
"        │  wire-a    │ ↑          the position above                                              │                     "
"        │› Energy inv│ ↓          the position below                                              │                     "
"        │  ahead of t│ s          cycle the sort column                                           │                     "
"        │  wire-b    │ ]          the next page of the blotter                                    │                     "
"        │            │ [          the previous page                                               │                     "
"        │ATLAS       │ h          what the holdings rail is shaded by                             │STRESS               "
"        │· Mode is PR│ p          the window the equity curve draws                               │ALIGNED              "
"        │  is ON: Atl│ n          the next plan card                                              │84.0%                "
"        │  mode permi│ x          ask to execute the selected plan — opens the confirmation box   │alpaca               "
"        │· No trigger│ b          book the desk's current proposal — opens the confirmation box   │─────────────────────"
"        │  drawdown t│                                                                            │⠀                    "
"        │  regime fli│▌ PRED                                                                      │⠀                    "
"        │  Nothing to│ r          refresh the board, and offer to run one of its lanes            │⠒                    "
"        │  idle by ac│ ↓ 104 more · Esc closes                                                    │⠀                    "
"        │read c60c460└────────────────────────────────────────────────────────────────────────────┘⠀                    "
"        │window 45fbb3f32be5bef9        ─────────────────────── ──────────────────────│ WATCHING                        "
" /command …   http://127.0.0.1:8765                                   ● SSE  ● OWNER  SYNTHETIC  propose·auto  OPERATOR "
