---
source: tests/command_line.rs
expression: "frame_to_string(&client.store, 120, 36)"
---
" ACWI 152.47 ▼1.34%   SPY 729.46 ▼1.54%   QQQ 661.73 ▼2.04%   XLK 285.24 ▼2.08%   XLF 52.40 ▲1.24%   ACWI 152.47 ▼1.34% "
" 1 ATLAS│▌ THE READ  2026-07-30         ▌ EQUITY                                      │▌ PULSE                          "
"▌2 DESK │▮ 84.0% CONVICTION             ▗█▄ ▗█  ▟▀▜▖    ▟▀▜▖▟▀▜▖▟▀▜▖    ▟▀▜▖▟▀▜▖      │ desk stress  …                  "
" 3 MKTS │ALIGNED · STRESS               ▜▄▖  █  █▗█▌    █▗█▌█▗█▌█▗█▌    █▗█▌█▗█▌      │ regime CALM  robust UNCERTAIN   "
" 4 BOOK │                               ▄▄▛  █  █▛▐▌ ▄  █▛▐▌█▛▐▌█▛▐▌ ▄  █▛▐▌█▛▐▌      │ drawdown 0.0%  tier NONE        "
" 5 RSCH │WOULD CHANGE THIS               ▀  ▀▀▀ ▝▀▀ ▗▛  ▝▀▀ ▝▀▀ ▝▀▀  ▀  ▝▀▀ ▝▀▀       │ gross 100.0%                    "
" 6 WORK │▌ Absorption falling back      ──────────────────────────────────────────────│                                 "
" 7 AUDIT│  below its threshold for five ▌ REGIME                ▌ ALERTS              │▌ BREADTH                        "
" 8 SETT │  sessions.                    STATE    UNCERTAIN      TIER     NONE         │ ███████████████████████████████ "
"        │                               DETECTOR CALM           HEADROOM 0.0%         │ adv 1 / dec 4                   "
"        │OBSERVATIONS                   SIG/THR  9.2% / 11.1%   VOL/LIM  10.1% / 30.0%│                                 "
"        │▌ Indicator panel reads stress CONF     66.7%          GATE     1 REFUSED    │▌ MOVERS                         "
"        │  with 3 of 5 detectors                                  est_cost 41bp       │ ▲ best  XLF    +1.24%           "
"        │  agreeing.                                            ▾ 2 more              │ ▼ worst XLK    -2.08%           "
"        │                               ─────────────────────── ──────────────────────│                                 "
"        │NEWS                           ▌ ALLOCATION                                  │▌ REGIME                         "
"        │RISK OFF · alpaca              ACWI  ▰▰▱▱▱▱▱▱▱▱▱▱▱▱▱▱▱▱▱▱▱▱▱▱▱▱   6.3%→  6.3%│ … waiting for the regime panel  "
"        │› Rate-path comments move      BNDW  ▰▰▰▰▰▰▰▰▰▰▱▱▱▱▱▱▱▱▱▱▱▱▱▱▱▱  40.0%→ 40.0%│                                 "
"        │  index futures                GLD   ▰▰▱▱▱▱▱▱▱▱▱▱▱▱▱▱▱▱▱▱▱▱▱▱▱▱   7.9%→  7.9%│                                 "
"        │  wire-a                                                                     │                                 "
"        │› Energy inventories build                                                   │                                 "
"        │  ahead of the print                                                         │                                 "
"        │  wire-b                                                                     │▌ ATLAS READ                     "
"        │                               ──────────────────────────────────────────────│ state      STRESS               "
"        │ATLAS                          ▌ VERDICT               ▌ REPLAY              │ agreement  ALIGNED              "
"        │· Mode is PROPOSE and autonomy no verdict yet          2008     --           │ conviction 84.0%                "
"        │  is ON: Atlas starts what its                           unavailable:        │ news       alpaca               "
"        │  mode permits.                                          snapshot span does  │─────────────────────────────────"
"        │· No trigger has fired — no                              not cover the window│ ⠀⠀⠀⠀⠀⠀⠀⠀⠀⠀⠀⠀                    "
"        │  drawdown tier, drift breach,                         2020     -17.3%       │ ⠀⠀⠀⠀⠀⠀⠀⠀⠀⠀⠀⠀                    "
"        │  regime flip, or data outage.                         2022     -13.9%       │ ⠤⢄⣀⣀⣀⠤⠔⠊⠉⠉⠉⠒                    "
"        │▾ 2 more                                                                     │ ⠀⠀⠀⠀⠀⠀⠀⠀⠀⠀⠀⠀                    "
"        │read c60c46006d926733                                                        │ ⠀⠀⠀⠀⠀⠀⠀⠀⠀⠀⠀⠀                    "
"        │window 45fbb3f32be5bef9        ─────────────────────── ──────────────────────│ WATCHING                        "
" /view /ticker /plan /mode /model /do                                                                                   "
" /▏   http://127.0.0.1:8765                                           ● SSE  ● OWNER  SYNTHETIC  propose·auto  OPERATOR "
