---
source: tests/golden_markets.rs
expression: "markets().frame(120, 36)"
---
" ACWI 152.47 ▼1.34%   SPY 729.46 ▼1.54%   QQQ 661.73 ▼2.04%   XLK 285.24 ▼2.08%   XLF 52.40 ▲1.24%   ACWI 152.47 ▼1.34% "
" 1 DESK │ SYMBOL   LAST   CHG%    20D   VOL    SPARK    WT   TGT ▌ ACWI               │▌ PULSE                          "
"▌2 MKTS │▌ACWI   152.47 ▼ 1.34  -2.9% 15.4% ▅██▄▄▅▅▁  6.3%  6.3% 156.36 ⡇   ⢠⡀        │ regime     CALM                 "
" 3 BOOK │ SPY    729.46 ▼ 1.54  -2.3% 13.3% ▆██▄▅▅▅▁    --    --        ⢇   ⢸⠈⡆       │ robust     UNCERTAIN            "
" 4 RSCH │ QQQ    661.73 ▼ 2.04 -10.1% 24.7% ▆█▇▅▄▄▃▁    --    --        ⢸   ⢸ ⡇       │ drawdown   0.0%                 "
" 5 WORK │ XLK    285.24 ▼ 2.08  -4.6% 24.1% ▆██▅▄▅▅▁    --    --        ⢸   ⡇ ⢇       │ tier       NONE                 "
" 6 AUDIT│ XLF     52.40 ▲ 1.24   1.8% 16.4% ▁▃▅▄▅▆▅█    --    --        ⢸   ⡇ ⢸       │ gross      100.0%               "
" 7 SETT │                                                               ⠈⡆  ⡇ ⢸       │─────────────────────────────────"
"        │                                                                ⡇  ⡇ ⢸       │▌ ATLAS READ                     "
"        │                                                                ⡇ ⢠⠃ ⢸       │ state      STRESS               "
"        │                                                                ⢣ ⢸  ⠈⡆      │ agreement  ALIGNED              "
"        │                                                        155.06  ⢸ ⢸   ⡇      │ conviction 84.0%                "
"        │                                                                ⠸⡀⢸   ⡇      │ news       alpaca               "
"        │                                                                 ⡇⢸   ⡇      │─────────────────────────────────"
"        │                                                                 ⢱⡇   ⢇      │                                 "
"        │                                                                 ⠘⡇   ⢸  ⡜⠒⡄ │                                 "
"        │                                                                  ⠁   ⢸ ⢰⠁ ⡇ │                                 "
"        │                                                                      ⠈⠑⠃  ⡇ │                                 "
"        │                                                                           ⢱ │                                 "
"        │                                                                           ⢸ │                                 "
"        │                                                        153.77             ⢸ │                                 "
"        │                                                                           ⢸ │                                 "
"        │                                                                           ⢸ │                                 "
"        │                                                                           ⠈⡆│                                 "
"        │                                                                            ⡇│                                 "
"        │                                                                            ⡇│                                 "
"        │                                                                            ⡇│                                 "
"        │                                                                            ⡇│                                 "
"        │                                                                            ⢱│                                 "
"        │                                                                            ⢸│ ⠀⠀⠀⠀⠀⠀⠀⠀⠀⠀⠀⠀                    "
"        │                                                        152.47              ⢸│ ⠀⠀⠀⠀⠀⠀⠀⠀⠀⠀⠀⠀                    "
"        │─────────────────────────────────────────────────────────────────────────────│ ⠤⢄⣀⣀⣀⠤⠔⠊⠉⠉⠉⠒                    "
"        │▌ SECTORS                                                                    │ ⠀⠀⠀⠀⠀⠀⠀⠀⠀⠀⠀⠀                    "
"        │XLK  -2.08% XLF  +1.24%                                                      │ ⠀⠀⠀⠀⠀⠀⠀⠀⠀⠀⠀⠀                    "
"        │                                                                             │ WATCHING                        "
" /command …                                                                         ● SSE  ● OWNER  propose·auto  GLASS "
