---
source: tests/golden_workforce.rs
assertion_line: 357
expression: "desk().frame(120, 36)"
---
" no market assets in the last snapshot                                                                                  "
" 1 DESK │▌ WORKFLOWS                                                  driving 805e0729│▌ PULSE                          "
" 2 MKTS │▌805e0729 running     Review the current portfolio and market read.     29m  │ desk stress  …                  "
" 3 BOOK │  ●───●───●•──◉───○  referee     Regime NEUTRAL (fragile calm, 2 of 5…       │ regime --  robust --            "
" 4 RSCH │                                                                             │ drawdown --  tier --            "
"▌5 WORK │                                                                             │ gross --                        "
" 6 AUDIT│                                                                             │                                 "
" 7 SETT │                                                                             │▌ BREADTH                        "
"        │                                                                             │ --                              "
"        │                                                                             │ adv -- / dec --                 "
"        │                                                                             │                                 "
"        │                                                                             │▌ MOVERS                         "
"        │                                                                             │ --                              "
"        │                                                                             │                                 "
"        │                                                                             │▌ REGIME                         "
"        │                                                                             │ … waiting for the regime panel  "
"        │                                                                             │                                 "
"        │                                                                             │                                 "
"        │                                                                             │                                 "
"        │                                                                             │                                 "
"        │─────────────────────────────────────────────────────────────────────────────│                                 "
"        │▌ CONSOLE                                                        newest first│                                 "
"        │the workforce has said nothing yet                                           │                                 "
"        │                                                                             │▌ ATLAS READ                     "
"        │                                                                             │ state      --                   "
"        │                                                                             │ agreement  --                   "
"        │                                                                             │ conviction --                   "
"        │                                                                             │ news       --                   "
"        │                                                                             │─────────────────────────────────"
"        │                                                                             │ ⠀⠀⠀⠀⠀⠀⠀⠀⠀⠀⠀⠀                    "
"        │                                                                             │ ⠀⣀⢄⡀⠀⣀⢄⡀⠀⣀⢄⡀                    "
"        │                                                                             │ ⢌⠀⠀⢈⢌⠀⠀⢈⢌⠀⠀⢈                    "
"        │                                                                             │ ⠀⠉⠊⠁⠀⠉⠊⠁⠀⠉⠊⠁                    "
"        │─────────────────────────────────────────────────────────────────────────────│ ⠀⠀⠀⠀⠀⠀⠀⠀⠀⠀⠀⠀                    "
"        │  i ask the desk    S start a workflow                                       │ WORKING                         "
" /command …                                                                         ● SSE  ● OWNER  --·manual  OPERATOR "
