---
source: tests/golden_settings.rs
assertion_line: 1488
expression: "client.frame(120, 36)"
---
" ACWI 152.47 ▼1.34%   SPY 729.46 ▼1.54%   QQQ 661.73 ▼2.04%   XLK 285.24 ▼2.08%   XLF 52.40 ▲1.24%   ACWI 152.47 ▼1.34% "
" 1 ATLAS│▌ DESK                               ▌ NEWS                                  │▌ PULSE                          "
" 2 DESK │ mode         SYNTHETIC               nothing has said what this desk reads  │ desk stress  …                  "
" 3 MKTS │ data         synthetic                                                      │ regime CALM  robust UNCERTAIN   "
" 4 BOOK │ book         simulated                                                      │ drawdown 0.0%  tier NONE        "
" 5 RSCH │ lane         offline · synthetic                                            │ gross 100.0%                    "
" 6 PRED │ alpaca login no ALPACA_API_KEY_ID                                           │                                 "
" 7 WORK │in the environment or .env                                                   │▌ BREADTH                        "
" 8 AUDIT│                                                                             │ ███████████████████████████████ "
"▌9 SETT │                                                                             │ adv 1 / dec 4                   "
" 0 VIS  │──────────────────────────────────── ────────────────────────────────────────│                                 "
"        │▌ AUTHORI┌────────────────────────────────────────────────────────┐          │▌ MOVERS                         "
"        │ nothing │▌ WHICH MINDS                                           │          │ ▲ best  XLF    +1.24%           "
"        │         │                                                        │d         │ ▼ worst XLK    -2.08%           "
"        │         │   reasoner  claude:inherit                             │          │                                 "
"        │         │   reasoner  claude:sonnet                              │          │▌ REGIME                         "
"        │─────────│   reasoner  claude:opus                                │          │ … waiting for the regime panel  "
"        │▌ METHOD │   reasoner  claude:haiku                               │          │                                 "
"        │ nothing │ ▸ reasoner  ollama:qwen2.5:7b  now                     │          │                                 "
"        │         │   workforce claude  now                                │──────────│                                 "
"        │         │   workforce ollama:qwen2.5:7b                          │          │                                 "
"        │         │ judgment on — the reasoner uses the model chosen here  │          │                                 "
"        │         │ Enter chooses · ↑↓ moves · Esc leaves them as they are │.5:7b     │                                 "
"        │         └────────────────────────────────────────────────────────┘          │▌ ATLAS READ                     "
"        │──────────────────────────────────────  workforce    claude · tiers decide   │ state      STRESS               "
"        │▌ POLICY                               ▸web          -- · chat, /cli tools   │ agreement  ALIGNED              "
"        │ policy       hrp                       workflows    -- · refused for chat   │ conviction 84.0%                "
"        │ pipeline     hrp · hrp · hrp           build        -- · the /build key     │ news       alpaca               "
"        │ long only    yes                       nothing here binds a non-chat caller │─────────────────────────────────"
"        │ budget       100.0%                    chat: ollama · /cli: claude's verb   │ ⠀⠀⠀⠀⠀⠀⠀⠀⠀⠀⠀⠀                    "
"        │ per asset    0.0% – 40.0%              m model · ↑↓ space grants a right ───│ ⠀⠀⠀⠀⠀⠀⠀⠀⠀⠀⠀⠀                    "
"        │────────────────────────────────────── ▌ UNIVERSE                            │ ⠤⢄⣀⣀⣀⠤⠔⠊⠉⠉⠉⠒                    "
"        │▌ THEME                                 watching     7 symbols               │ ⠀⠀⠀⠀⠀⠀⠀⠀⠀⠀⠀⠀                    "
"        │ palette      obsidian · truecolor      ACWI SPY QQQ XLK XLF BNDW DUST       │ ⠀⠀⠀⠀⠀⠀⠀⠀⠀⠀⠀⠀                    "
"        │────────────────────────────────────── ──────────────────────────────────────│ WATCHING                        "
" /command …   http://127.0.0.1:8765                                   ● SSE  ● OWNER  SYNTHETIC  propose·auto  OPERATOR "
