---
source: tests/golden_atlas.rs
expression: "proposal_and_universe().frame(120, 36)"
---
" no market assets in the last snapshot                                                                                  "
"▌1 ATLAS│▌ ATLAS                  no conversation yet ▌ YOUR CALL                     │▌ PULSE                          "
" 2 DESK │nothing has been asked on this desk yet      plan b92a58fa5c1 pending · expir│ desk stress  …                  "
" 3 MKTS │                                             ACWI      -- →  30.0%           │ regime --  robust --            "
" 4 BOOK │                                             SPY       -- →  25.0%           │ drawdown --  tier --            "
" 5 RSCH │                                             QQQ       -- →  20.0%           │ gross --                        "
" 6 PRED │                                             XLK       -- →  15.0%           │                                 "
" 7 WORK │                                             XLF       -- →  10.0%           │▌ BREADTH                        "
" 8 AUDIT│                                             turnover 42.0% · 5 legs         │ --                              "
" 9 SETT │                                             referee PASS · 5a6978 · referee-│ adv -- / dec --                 "
" 0 VIS  │                                             c453496ae7a superseded by b92a58│                                 "
"        │                                             view-only — booking needs an arm│▌ MOVERS                         "
"        │                                             universe change: +NVDA —        │ --                              "
"        │                                             /approve uc112233 or a on AUDIT │                                 "
"        │                                                                             │▌ REGIME                         "
"        │                                             ▌ PREDICTOR BOARD               │ … waiting for the regime panel  "
"        │                                             the owner served no predictor su│                                 "
"        │                                                                             │                                 "
"        │                                             ▌ ATLAS                         │                                 "
"        │                                             state      --                   │                                 "
"        │                                             mode       --                   │                                 "
"        │                                                                             │                                 "
"        │                                                                             │                                 "
"        │                                                                             │▌ ATLAS READ                     "
"        │                                                                             │ state      --                   "
"        │                                                                             │ agreement  --                   "
"        │                                                                             │ conviction --                   "
"        │                                                                             │ news       --                   "
"        │                                                                             │─────────────────────────────────"
"        │                                                                             │ ⠀⠀⠀⠀⠀⠀⠀⠀⠀⠀⠀⠀                    "
"        │                                                                             │ ⠀⠀⠀⠀⠀⠀⠀⠀⠀⠀⠀⠀                    "
"        │                                                                             │ ⠤⢄⣀⣀⣀⠤⠔⠊⠉⠉⠉⠒                    "
"        │                                                                             │ ⠀⠀⠀⠀⠀⠀⠀⠀⠀⠀⠀⠀                    "
"        │read-only in this posture — asking needs an                                  │ ⠀⠀⠀⠀⠀⠀⠀⠀⠀⠀⠀⠀                    "
"        │──────────────────────────────────────────── ────────────────────────────────│ WATCHING                        "
" /command …                                                                            ● SSE  ● OWNER  --·manual  GLASS "
