---
source: tests/golden_visuals.rs
expression: "with_list().frame(120, 36)"
---
" ACWI 152.47 ▼1.34%   SPY 729.46 ▼1.54%   QQQ 661.73 ▼2.04%   XLK 285.24 ▼2.08%   XLF 52.40 ▲1.24%   ACWI 152.47 ▼1.34% "
" 1 ATLAS│▌ VISUALS                ▌ NO DRAWING YET                                    │▌ PULSE                          "
" 2 DESK │                         ↑↓ pick · Enter render · PgUp/PgDn · j/k ⇅          │ desk stress  …                  "
" 3 MKTS │▌ quantum_circuit        pick a visual on the left and press Enter to render │ regime CALM  robust UNCERTAIN   "
" 4 BOOK │  angle/ZZ feature map   it                                                  │ drawdown 0.0%  tier NONE        "
" 5 RSCH │  regime_ribbon                                                              │ gross 100.0%                    "
" 6 PRED │  regime over the window                                                     │                                 "
" 7 WORK │                                                                             │▌ BREADTH                        "
" 8 AUDIT│                                                                             │ ███████████████████████████████ "
" 9 SETT │                                                                             │ adv 1 / dec 4                   "
"▌0 VIS  │                                                                             │                                 "
"        │                                                                             │▌ MOVERS                         "
"        │                                                                             │ ▲ best  XLF    +1.24%           "
"        │                                                                             │ ▼ worst XLK    -2.08%           "
"        │                                                                             │                                 "
"        │                                                                             │▌ REGIME                         "
"        │                                                                             │ … waiting for the regime panel  "
"        │                                                                             │                                 "
"        │                                                                             │                                 "
"        │                                                                             │                                 "
"        │                                                                             │                                 "
"        │                                                                             │                                 "
"        │                                                                             │                                 "
"        │                                                                             │▌ ATLAS READ                     "
"        │                                                                             │ state      STRESS               "
"        │                                                                             │ agreement  ALIGNED              "
"        │                                                                             │ conviction 84.0%                "
"        │                                                                             │ news       alpaca               "
"        │                                                                             │─────────────────────────────────"
"        │                                                                             │ ⠀⠀⠀⠀⠀⠀⠀⠀⠀⠀⠀⠀                    "
"        │                                                                             │ ⠀⠀⠀⠀⠀⠀⠀⠀⠀⠀⠀⠀                    "
"        │                                                                             │ ⠤⢄⣀⣀⣀⠤⠔⠊⠉⠉⠉⠒                    "
"        │                                                                             │ ⠀⠀⠀⠀⠀⠀⠀⠀⠀⠀⠀⠀                    "
"        │                                                                             │ ⠀⠀⠀⠀⠀⠀⠀⠀⠀⠀⠀⠀                    "
"        │─────────────────────────────────────────────────────────────────────────────│ WATCHING                        "
" /command …   http://127.0.0.1:8765                                      ● SSE  ● OWNER  SYNTHETIC  propose·auto  GLASS "
