---
source: tests/golden_audit.rs
expression: "audit_from(BOTH_KINDS).frame(120, 36)"
---
" no market assets in the last snapshot                                                                                  "
" 1 ATLAS│▌ APPROVALS                        view-only ▌ EVENT STREAM      newest first│▌ PULSE                          "
" 2 DESK │ uc112233445 +NVDA      pending     memo1234 nothing on the bus yet          │ desk stress  …                  "
" 3 MKTS │ aaaa1111222 pppp1111   pending     19:12:18                                 │ regime --  robust --            "
" 4 BOOK │                                                                             │ drawdown --  tier --            "
" 5 RSCH │                                                                             │ gross --                        "
" 6 PRED │                                                                             │                                 "
" 7 WORK │                                                                             │▌ BREADTH                        "
"▌8 AUDIT│                                                                             │ --                              "
" 9 SETT │                                                                             │ adv -- / dec --                 "
" 0 VIS  │                                                                             │                                 "
"        │                                                                             │▌ MOVERS                         "
"        │                                                                             │ --                              "
"        │                                                                             │                                 "
"        │                                                                             │▌ REGIME                         "
"        │                                                                             │ … waiting for the regime panel  "
"        │                                                                             │                                 "
"        │                                                                             │                                 "
"        │                                                                             │                                 "
"        │                                                                             │                                 "
"        │                                                                             │                                 "
"        │                                                                             │                                 "
"        │                                                                             │                                 "
"        │                                                                             │▌ ATLAS READ                     "
"        │                                                                             │ state      --                   "
"        │                                                                             │ agreement  --                   "
"        │                                                                             │ conviction --                   "
"        │                                                                             │ news       --                   "
"        │                                                                             │─────────────────────────────────"
"        │                                                                             │ ⠀⠀⠀⠀⠀⠀⠀⠀⠀⠀⠀⠀                    "
"        │                                                                             │ ⠀⠀⠀⠀⠀⠀⠀⠀⠀⠀⠀⠀                    "
"        │                                                                             │ ⠤⢄⣀⣀⣀⠤⠔⠊⠉⠉⠉⠒                    "
"        │                                                                             │ ⠀⠀⠀⠀⠀⠀⠀⠀⠀⠀⠀⠀                    "
"        │                                                                             │ ⠀⠀⠀⠀⠀⠀⠀⠀⠀⠀⠀⠀                    "
"        │──────────────────────────────────────────── ────────────────────────────────│ WATCHING                        "
" /command …                                                                            ● SSE  ● OWNER  --·manual  GLASS "
