---
source: tests/golden_atlas.rs
expression: "atlas_view().frame(120, 36)"
---
" ACWI 152.47 ▼1.34%   SPY 729.46 ▼1.54%   QQQ 661.73 ▼2.04%   XLK 285.24 ▼2.08%   XLF 52.40 ▲1.24%   ACWI 152.47 ▼1.34% "
"▌1 ATLAS│▌ ATLAS                           4 messages ▌ WOULD DO        1 of 2 refused│▌ PULSE                          "
" 2 DESK │15:31:02   YOU › why is the book flat into   ? regime_review                 │ desk stress  …                  "
" 3 MKTS │                 the print?                    Re-read the regime panel and  │ regime CALM  robust UNCERTAIN   "
" 4 BOOK │15:31:09 ATLAS › The regime read is fragile    challenge the current         │ drawdown 0.0%  tier NONE        "
" 5 RSCH │                 calm with 2 of 5 detectors    estimate.                     │ gross 100.0%                    "
" 6 PRED │                 disagreeing, so the         ✗ desk_rebalance_review running │                                 "
" 7 WORK │                 operational policy holds      today's proposal for          │▌ BREADTH                        "
" 8 AUDIT│                 the defensive tilt. The       desk_rebalance_review is      │ ███████████████████████████████ "
" 9 SETT │                 referee passed the last       already running; one task per │ adv 1 / dec 4                   "
"        │                 plan against its exact        template per day, so the next │                                 "
"        │                 targets hash and nothing      one is tomorrow's             │▌ MOVERS                         "
"        │                 since has moved the read    ? = not checked on this surface │ ▲ best  XLF    +1.24%           "
"        │                 enough to re-propose.                                       │ ▼ worst XLK    -2.08%           "
"        │15:33:41   YOU › is the quantum lane earning ▌ PREDICTOR BOARD               │                                 "
"        │                 its place?                  CHAMPION krr:quantum_gram q     │▌ REGIME                         "
"        │15:33:52 ATLAS › the reasoner backend did      IC 0.1412 ±0.0631  stab 2.24  │ … waiting for the regime panel  "
"        │                 not answer in time            ✓ usable  Δ+0.0187            │                                 "
"        │                 ollama timed out after 45s    wins 4  t 1.94                │                                 "
"        │                                               folds █▃▇▂▇                   │                                 "
"        │                                             BASELINE ridge:none             │                                 "
"        │                                               IC 0.1225 ±0.0702  stab 1.75  │                                 "
"        │                                               ✓ usable                      │                                 "
"        │                                               folds ▇▂▆▁▆                   │▌ ATLAS READ                     "
"        │                                             board 2d old · run d41f2b8c     │ state      STRESS               "
"        │                                             edge not established vs null    │ agreement  ALIGNED              "
"        │                                                                             │ conviction 84.0%                "
"        │                                             ▌ WORKFORCE                     │ news       alpaca               "
"        │                                             ●•──◉                           │─────────────────────────────────"
"        │                                             805e0729 · reporter running     │ ⠀⠀⠀⠀⠀⠀⠀⠀⠀⠀⠀⠀                    "
"        │                                                                             │ ⠀⠀⠀⠀⠀⠀⠀⠀⠀⠀⠀⠀                    "
"        │                                             ▌ YOUR CALL                     │ ⠤⢄⣀⣀⣀⠤⠔⠊⠉⠉⠉⠒                    "
"        │                                             1 approval(s) — AUDIT (8), a    │ ⠀⠀⠀⠀⠀⠀⠀⠀⠀⠀⠀⠀                    "
"        │read-only in this posture — asking needs an  1 checked plan(s) — BOOK (4), x │ ⠀⠀⠀⠀⠀⠀⠀⠀⠀⠀⠀⠀                    "
"        │──────────────────────────────────────────── ────────────────────────────────│ WATCHING                        "
" /command …   http://127.0.0.1:8765                                      ● SSE  ● OWNER  SYNTHETIC  propose·auto  GLASS "
