---
source: tests/golden_desk.rs
expression: "desk_from(DESK).frame(120, 36)"
---
" no market assets in the last snapshot                                                                                  "
" 1 ATLAS│▌ THE READ  2026-07-30         ▌ EQUITY                                      │▌ PULSE                          "
"▌2 DESK │▮ 42.0% CONVICTION             ▗█▄ ▗█  ▟▀▜▖    ▟▀▜▖▟▀▜▖▟▀▜▖    ▟▀▜▖▟▀▜▖      │ desk stress  …                  "
" 3 MKTS │DIVERGENT · STRESS             ▜▄▖  █  █▗█▌    █▗█▌█▗█▌█▗█▌    █▗█▌█▗█▌      │ regime CALM  robust UNCERTAIN   "
" 4 BOOK │                               ▄▄▛  █  █▛▐▌ ▄  █▛▐▌█▛▐▌█▛▐▌ ▄  █▛▐▌█▛▐▌      │ drawdown --  tier WARNING       "
" 5 RSCH │TENSIONS                        ▀  ▀▀▀ ▝▀▀ ▗▛  ▝▀▀ ▝▀▀ ▝▀▀  ▀  ▝▀▀ ▝▀▀       │ gross --                        "
" 6 PRED │▌ Absorption is high while the ──────────────────────────────────────────────│                                 "
" 7 WORK │  tape is quiet.               ▌ REGIME                ▌ ALERTS              │▌ BREADTH                        "
" 8 AUDIT│                               STATE    UNCERTAIN      TIER     WARNING      │ --                              "
" 9 SETT │WOULD CHANGE THIS              DETECTOR CALM           HEADROOM 25.0%        │ adv -- / dec --                 "
"        │▌ Absorption falling back      SIG/THR  9.2% / 11.1%   VOL/LIM  10.1% / 30.0%│                                 "
"        │  under its threshold.         CONF     66.7%          GATE     1 REFUSED    │▌ MOVERS                         "
"        │                                                         est_cost 41bp       │ --                              "
"        │OBSERVATIONS                                             exceeds the 25bp    │                                 "
"        │▌ Panel reads stress with 3 of                           gate                │▌ REGIME                         "
"        │  5 detectors agreeing.        ─────────────────────── ──────────────────────│ … waiting for the regime panel  "
"        │                               ▌ ALLOCATION                                  │                                 "
"        │NEWS                           ACWI  ▰▰▱▱▱▱▱▱▱▱▱▱▱▱▱▱▱▱▱▱▱▱▱▱▱▱   6.3%→  6.3%│                                 "
"        │RISK OFF · alpaca              BNDW  ▰▰▰▰▰▰▰▰▰▰▰▱▱▱▱▱▱▱▱▱▱▱▱▱▱▱  44.0%→ 40.0%│                                 "
"        │› Rate-path comments move      GLD   ▰▰▱▱▱▱▱▱▱▱▱▱▱▱▱▱▱▱▱▱▱▱▱▱▱▱   7.9%→  7.9%│                                 "
"        │  futures                                                                    │                                 "
"        │  wire-a                                                                     │                                 "
"        │                                                                             │                                 "
"        │ATLAS                                                                        │▌ ATLAS READ                     "
"        │· Mode is PROPOSE and autonomy                                               │ state      STRESS               "
"        │  is ON: Atlas starts what its ──────────────────────────────────────────────│ agreement  DIVERGENT            "
"        │  mode permits.                ▌ VERDICT               ▌ REPLAY              │ conviction 42.0%                "
"        │· Cannot drive a run: no CLI   ▮ PASS  deterministic   2008     --           │ news       alpaca               "
"        │· Task t-9 is in flight.       rebalance_gate            snapshot span does  │─────────────────────────────────"
"        │                               2026-07-30                not cover the window│ ⠀⠀⠀⠀⠀⠀⠀⠀⠀⠀⠀⠀                    "
"        │                                 drawdown tier none at 2020     -17.3%       │ ⠀⠀⠀⠀⠀⠀⠀⠀⠀⠀⠀⠀                    "
"        │                                 0.00%                 2022     -13.9%       │ ⠤⢄⣀⣀⣀⠤⠔⠊⠉⠉⠉⠒                    "
"        │                                                                             │ ⠀⠀⠀⠀⠀⠀⠀⠀⠀⠀⠀⠀                    "
"        │read c60c46006d926733                                                        │ ⠀⠀⠀⠀⠀⠀⠀⠀⠀⠀⠀⠀                    "
"        │window 45fbb3f32be5bef9        ─────────────────────── ──────────────────────│ WATCHING                        "
" /command …                                                                         ● SSE  ● OWNER  propose·auto  GLASS "
