---
source: tests/golden_settings.rs
assertion_line: 2750
expression: "client.frame(120, 36)"
---
" ACWI 152.47 ▼1.34%   SPY 729.46 ▼1.54%   QQQ 661.73 ▼2.04%   XLK 285.24 ▼2.08%   XLF 52.40 ▲1.24%   ACWI 152.47 ▼1.34% "
" 1 ATLAS│▌ DESK                               ▌ NEWS                                  │▌ PULSE                          "
" 2 DESK │ mode         SYNTHETIC               nothing has said what this desk reads  │ desk stress  …                  "
" 3 MKTS │ data         synthetic                                                      │ regime CALM  robust UNCERTAIN   "
" 4 BOOK │ book         simulated                                                      │ drawdown 0.0%  tier NONE        "
" 5 RSCH │ lane         offline · synthetic                                            │ gross 100.0%                    "
" 6 PRED │ alpaca login no ALPACA_API_KEY_ID                                           │                                 "
" 7 WORK │in the environment or .env                                                   │▌ BREADTH                        "
" 8 AUDIT│                                                                             │ ███████████████████████████████ "
"▌9 SETT │                                                                             │ adv 1 / dec 4                   "
" 0 VIS  │─────────┌────────────────────────────────────────────────────────┐──────────│                                 "
"        │▌ METHOD │▌ HOW THIS DESK SOLVES                                  │          │▌ MOVERS                         "
"        │ solving │                                                        │          │ ▲ best  XLF    +1.24%           "
"        │ ▸ hrp   │ ▸ hrp               B2  Hierarchical risk parity  now  │d         │ ▼ worst XLK    -2.08%           "
"        │   risk_p│   risk_parity       B3  Equal risk contribution        │          │                                 "
"        │   min_va│   min_variance      A1  Minimum variance               │          │▌ REGIME                         "
"        │ not choo│ Current evidence favors the robust HRP benchmark out of│          │ … waiting for the regime panel  "
"        │   regime│sample.                                                 │          │                                 "
"        │   ▾ 2 mo│                                                        │          │                                 "
"        │ m method│   regime_min_variance   not choosable — research stage │──────────│                                 "
"        │▌ POLICY │   views_conditioned_mi… not choosable — research stage │          │                                 "
"        │ policy  │   cardinal_min_variance not choosable — research stage │          │                                 "
"        │ method  │ Enter solves with it from the next run · ↑↓ moves · Esc│.5:7b     │                                 "
"        │ algorith│leaves it                                               │          │▌ ATLAS READ                     "
"        │ objectiv│                                                        │ decide   │ state      STRESS               "
"        │ solver  └────────────────────────────────────────────────────────┘i tools   │ agreement  ALIGNED              "
"        │ long only    yes                       workflows    -- · refused for chat   │ conviction 84.0%                "
"        │ budget       100.0%                    build        -- · the /build key     │ news       alpaca               "
"        │ per asset    0.0% – 40.0%              nothing here binds a non-chat caller │─────────────────────────────────"
"        │──────────────────────────────────────  chat: ollama · /cli: claude's verb   │ ⠀⠀⠀⠀⠀⠀⠀⠀⠀⠀⠀⠀                    "
"        │ Current evidence favors the robust    ──────────────────────────────────────│ ⠀⠀⠀⠀⠀⠀⠀⠀⠀⠀⠀⠀                    "
"        │HRP benchmark out of sample; MVSK      ▌ UNIVERSE                            │ ⠤⢄⣀⣀⣀⠤⠔⠊⠉⠉⠉⠒                    "
"        │▌ THEME                                 watching     7 symbols               │ ⠀⠀⠀⠀⠀⠀⠀⠀⠀⠀⠀⠀                    "
"        │ palette      obsidian · truecolor      ACWI SPY QQQ XLK XLF BNDW DUST       │ ⠀⠀⠀⠀⠀⠀⠀⠀⠀⠀⠀⠀                    "
"        │────────────────────────────────────── ──────────────────────────────────────│ WATCHING                        "
" /command …   http://127.0.0.1:8765                                   ● SSE  ● OWNER  SYNTHETIC  propose·auto  OPERATOR "
