---
source: tests/golden_settings.rs
assertion_line: 616
expression: "filled().frame(120, 36)"
---
" ACWI 152.47 ▼1.34%   SPY 729.46 ▼1.54%   QQQ 661.73 ▼2.04%   XLK 285.24 ▼2.08%   XLF 52.40 ▲1.24%   ACWI 152.47 ▼1.34% "
" 1 ATLAS│▌ DESK                                                                       │▌ PULSE                          "
" 2 DESK │ mode         SYNTHETIC                                                      │ desk stress  …                  "
" 3 MKTS │ data         synthetic                                                      │ regime CALM  robust UNCERTAIN   "
" 4 BOOK │ book         simulated                                                      │ drawdown 0.0%  tier NONE        "
" 5 RSCH │ lane         offline · synthetic                                            │ gross 100.0%                    "
" 6 WORK │ alpaca login no ALPACA_API_KEY_ID in the environment or .env                │                                 "
" 7 AUDIT│                                                                             │▌ BREADTH                        "
"▌8 SETT │                                                                             │ ███████████████████████████████ "
"        │                                                                             │ adv 1 / dec 4                   "
"        │ a types a login · t tests it · /mode switches the desk ─────────────────────│                                 "
"        │▌ POLICY                               ▌ SYSTEM                              │▌ MOVERS                         "
"        │ policy       hrp                       desk         paper                   │ ▲ best  XLF    +1.24%           "
"        │ method ┌──────────────────────────────────────────────────────────┐         │ ▼ worst XLK    -2.08%           "
"        │ algorit│▌ ALPACA LOGIN                                            │         │                                 "
"        │ objecti│ key          ••••••••••••••••                            │         │▌ REGIME                         "
"        │ solver │ secret       ••••••••••••••••••••••••••••▏               │         │ … waiting for the regime panel  "
"        │ long on│                                                          │         │                                 "
"        │ budget │ stored by the owner — the book is not switched by it     │         │                                 "
"        │ per ass│ Enter stores · Tab the other field · Esc clears          │─────────│                                 "
"        │────────│ now: no ALPACA_API_KEY_ID in the environment or .env     │         │                                 "
"        │ Current└──────────────────────────────────────────────────────────┘         │                                 "
"        │HRP benchmark out of sample; MVSK       reasoner     ollama · qwen2.5:7b     │                                 "
"        │remains a falsifiable research arm.     judgment     on                      │▌ ATLAS READ                     "
"        │                                        workforce    claude · tiers decide   │ state      STRESS               "
"        │                                                                             │ agreement  ALIGNED              "
"        │                                                                             │ conviction 84.0%                "
"        │                                                                             │ news       alpaca               "
"        │                                                                             │─────────────────────────────────"
"        │                                       ──────────────────────────────────────│ ⠀⠀⠀⠀⠀⠀⠀⠀⠀⠀⠀⠀                    "
"        │                                       ▌ UNIVERSE                            │ ⠀⠀⠀⠀⠀⠀⠀⠀⠀⠀⠀⠀                    "
"        │                                        watching     7 symbols               │ ⠤⢄⣀⣀⣀⠤⠔⠊⠉⠉⠉⠒                    "
"        │▌ THEME                                 ACWI SPY QQQ XLK XLF BNDW DUST       │ ⠀⠀⠀⠀⠀⠀⠀⠀⠀⠀⠀⠀                    "
"        │ palette      obsidian · truecolor                                           │ ⠀⠀⠀⠀⠀⠀⠀⠀⠀⠀⠀⠀                    "
"        │────────────────────────────────────── ──────────────────────────────────────│ WATCHING                        "
" /command …   http://127.0.0.1:8765                                   ● SSE  ● OWNER  SYNTHETIC  propose·auto  OPERATOR "
