---
source: tests/golden_workforce.rs
expression: "workforce().frame(120, 36)"
---
" ACWI 152.47 ▼1.34%   SPY 729.46 ▼1.54%   QQQ 661.73 ▼2.04%   XLK 285.24 ▼2.08%   XLF 52.40 ▲1.24%   ACWI 152.47 ▼1.34% "
" 1 ATLAS│▌ WORKFLOWS                                                              idle│▌ PULSE                          "
" 2 DESK │ 805e0729 running     Review the current portfolio and market read.     29m  │ desk stress  …                  "
" 3 MKTS │  ●•──◉  reporter    Regime NEUTRAL (fragile calm, 2 of 5 disagree).         │ regime CALM  robust UNCERTAIN   "
" 4 BOOK │                                                                             │ drawdown 0.0%  tier NONE        "
" 5 RSCH │                                                                             │ gross 100.0%                    "
" 6 PRED │                                                                             │                                 "
"▌7 WORK │                                                                             │▌ BREADTH                        "
" 8 AUDIT│                                                                             │ ███████████████████████████████ "
" 9 SETT │                                                                             │ adv 1 / dec 4                   "
" 0 VIS  │                                                                             │                                 "
"        │                                                                             │▌ MOVERS                         "
"        │                                                                             │ ▲ best  XLF    +1.24%           "
"        │                                                                             │ ▼ worst XLK    -2.08%           "
"        │                                                                             │                                 "
"        │                                                                             │▌ REGIME                         "
"        │                                                                             │ … waiting for the regime panel  "
"        │                                                                             │                                 "
"        │                                                                             │                                 "
"        │                                                                             │                                 "
"        │─────────────────────────────────────────────────────────────────────────────│                                 "
"        │▌ CONSOLE                                                        newest first│                                 "
"        │the workforce has said nothing yet                                           │                                 "
"        │                                                                             │▌ ATLAS READ                     "
"        │                                                                             │ state      STRESS               "
"        │                                                                             │ agreement  ALIGNED              "
"        │                                                                             │ conviction 84.0%                "
"        │                                                                             │ news       alpaca               "
"        │                                                                             │─────────────────────────────────"
"        │                                                                             │ ⠀⠀⠀⠀⠀⠀⠀⠀⠀⠀⠀⠀                    "
"        │                                                                             │ ⠀⠀⠀⠀⠀⠀⠀⠀⠀⠀⠀⠀                    "
"        │                                                                             │ ⠤⢄⣀⣀⣀⠤⠔⠊⠉⠉⠉⠒                    "
"        │                                                                             │ ⠀⠀⠀⠀⠀⠀⠀⠀⠀⠀⠀⠀                    "
"        │                                                                             │ ⠀⠀⠀⠀⠀⠀⠀⠀⠀⠀⠀⠀                    "
"        │─────────────────────────────────────────────────────────────────────────────│ WATCHING                        "
" /command …   http://127.0.0.1:8765                                      ● SSE  ● OWNER  SYNTHETIC  propose·auto  GLASS "
