---
source: tests/golden_audit.rs
expression: "audit().frame(120, 36)"
---
" ACWI 152.47 ▼1.34%   SPY 729.46 ▼1.54%   QQQ 661.73 ▼2.04%   XLK 285.24 ▼2.08%   XLF 52.40 ▲1.24%   ACWI 152.47 ▼1.34% "
" 1 DESK │▌ APPROVALS                        view-only ▌ EVENT STREAM      newest first│▌ PULSE                          "
" 2 MKTS │ 1a2b3c4d5e6 9661b0e88b pending     19:12:18 18:12:18 approval_created   9661│ desk stress  …                  "
" 3 BOOK │                                             18:12:09 approval_consumed  a06e│ regime CALM  robust UNCERTAIN   "
" 4 RSCH │                                                                             │ drawdown 0.0%  tier NONE        "
" 5 WORK │                                                                             │ gross 100.0%                    "
"▌6 AUDIT│                                                                             │                                 "
" 7 SETT │                                                                             │▌ BREADTH                        "
"        │                                                                             │ ███████████████████████████████ "
"        │                                                                             │ adv 1 / dec 4                   "
"        │                                                                             │                                 "
"        │                                                                             │▌ MOVERS                         "
"        │                                                                             │ ▲ best  XLF    +1.24%           "
"        │                                                                             │ ▼ worst XLK    -2.08%           "
"        │                                                                             │                                 "
"        │                                                                             │▌ REGIME                         "
"        │                                                                             │ … waiting for the regime panel  "
"        │                                                                             │                                 "
"        │                                                                             │                                 "
"        │                                                                             │                                 "
"        │                                                                             │                                 "
"        │                                                                             │                                 "
"        │                                                                             │                                 "
"        │                                                                             │▌ ATLAS READ                     "
"        │                                                                             │ state      STRESS               "
"        │                                                                             │ agreement  ALIGNED              "
"        │                                                                             │ conviction 84.0%                "
"        │                                                                             │ news       alpaca               "
"        │                                                                             │─────────────────────────────────"
"        │                                                                             │ ⠀⠀⠀⠀⠀⠀⠀⠀⠀⠀⠀⠀                    "
"        │                                                                             │ ⠀⠀⠀⠀⠀⠀⠀⠀⠀⠀⠀⠀                    "
"        │                                                                             │ ⠤⢄⣀⣀⣀⠤⠔⠊⠉⠉⠉⠒                    "
"        │                                                                             │ ⠀⠀⠀⠀⠀⠀⠀⠀⠀⠀⠀⠀                    "
"        │                                                                             │ ⠀⠀⠀⠀⠀⠀⠀⠀⠀⠀⠀⠀                    "
"        │──────────────────────────────────────────── ────────────────────────────────│ WATCHING                        "
" /command …   http://127.0.0.1:8765                                      ● SSE  ● OWNER  SYNTHETIC  propose·auto  GLASS "
