---
source: tests/golden_book.rs
expression: "client.frame(120, 36)"
---
" no market assets in the last snapshot                                                                                  "
" 1 ATLAS│PORTFOLIO VALUE       UNREALIZED P&L WINDOW      SHARPE     -- GROSS      -- │▌ PULSE                          "
" 2 DESK │$1,000,000.00         --             --          VOL        -- NET        -- │ desk stress  …                  "
" 3 MKTS │4 pos · cash --       -- ▲0 ▼0       -- marks    MDD        -- CVAR95     -- │ regime --  robust --            "
"▌4 BOOK │─────────────────────────────────────────────────────────────────────────────│ drawdown --  tier --            "
" 5 RSCH │▌ POSITIONS                                    s sort · [ ] page  « ‹ 1/4 › »│ gross --                        "
" 6 PRED │SYMBOL      QTY    LAST     AVG   WT%▾    MKTVAL       P&L    P&L%    TREND  │                                 "
" 7 WORK │▌SPY         --      --      --  35.0%        --        --      --     ────  │▌ BREADTH                        "
" 8 AUDIT│▌ YOUR CALL                                                            b book│ --                              "
" 9 SETT │plan b92a58fa5c1 pending ·┌────────────────────────────────────────────────┐ │ adv -- / dec --                 "
" 0 VIS  │XLF       -- →  10.0%     │▌ BOOK THE PROPOSAL                             │ │                                 "
"        │ACWI   20.0% →  30.0%     │plan          b92a58fa5c1d4e7f                  │ │▌ MOVERS                         "
"        │SPY    35.0% →  25.0%     │targets hash  0f1e2d3c4b5a6978                  │ │ --                              "
"        │QQQ    20.0% →  20.0%     │confirming    5a6978                            │ │                                 "
"        │XLK    15.0% →  15.0%     │approval      pending                           │ │▌ REGIME                         "
"        │turnover 42.0% · 5 legs   │referee       PASS · referee-agent              │ │ … waiting for the regime panel  "
"        │referee PASS · 5a6978 · re│turnover      42.0%                             │ │                                 "
"        │c453496ae7a superseded by │legs          5                                 │ │                                 "
"        │book ↵ or b — one confirm │expires       15:42:00                          │ │                                 "
"        │──────────────────────────│XLF           -- → 10.0%                        │─│                                 "
"        │▌ PLANS                   │ACWI          20.0% → 30.0%                     │e│                                 "
"        │no plan on the ledger — th│SPY           35.0% → 25.0%                     │ │                                 "
"        │                          │QQQ           20.0% → 20.0%                     │ │                                 "
"        │                          │XLK           15.0% → 15.0%                     │ │▌ ATLAS READ                     "
"        │──────────────────────────│                                                │─│ state      --                   "
"        │▌ EQUITY                  │↵ book it · bound to 5a6978 · Esc               │L│ agreement  --                   "
"        │no equity series in the la└────────────────────────────────────────────────┘-│ conviction --                   "
"        │                                                      QQQ      -- XLK      --│ news       --                   "
"        │                                                                             │─────────────────────────────────"
"        │                                                                             │ ⠀⠀⠀⠀⠀⠀⠀⠀⠀⠀⠀⠀                    "
"        │                                                                             │ ⠀⠀⠀⠀⠀⠀⠀⠀⠀⠀⠀⠀                    "
"        │                                                                             │ ⠤⢄⣀⣀⣀⠤⠔⠊⠉⠉⠉⠒                    "
"        │                                                      ▌ TOP MOVERS           │ ⠀⠀⠀⠀⠀⠀⠀⠀⠀⠀⠀⠀                    "
"        │                                                       --                    │ ⠀⠀⠀⠀⠀⠀⠀⠀⠀⠀⠀⠀                    "
"        │                                                                             │ WATCHING                        "
" /command …                                                                         ● SSE  ● OWNER  --·manual  OPERATOR "
