---
source: tests/golden_settings.rs
assertion_line: 510
expression: "settings_from(r#\"{\"llm\": {}, \"policy\": {\"constraints\": {}}, \"system\": {}, \"desk_mode\": {}}\"#).frame(120,\n36)"
---
" no market assets in the last snapshot                                                                                  "
" 1 ATLAS│▌ DESK                                                                       │▌ PULSE                          "
" 2 DESK │ mode         --                                                             │ desk stress  …                  "
" 3 MKTS │ data         --                                                             │ regime --  robust --            "
" 4 BOOK │ book         --                                                             │ drawdown --  tier --            "
" 5 RSCH │ lane         --                                                             │ gross --                        "
" 6 WORK │ alpaca login --                                                             │                                 "
" 7 AUDIT│                                                                             │▌ BREADTH                        "
"▌8 SETT │                                                                             │ --                              "
"        │                                                                             │ adv -- / dec --                 "
"        │ read-only — this window cannot switch the desk ─────────────────────────────│                                 "
"        │▌ POLICY                               ▌ SYSTEM                              │▌ MOVERS                         "
"        │ policy       --                        desk         --                      │ --                              "
"        │ method       --                        provenance   --                      │                                 "
"        │ algorithm    --                        claude       --                      │▌ REGIME                         "
"        │ objective    --                        mcp          none configured         │ … waiting for the regime panel  "
"        │ solver       --                        proxy        --                      │                                 "
"        │ long only    --                        workforce    --                      │                                 "
"        │ budget       --                        authority    --                      │                                 "
"        │ per asset    --                        read-only ───────────────────────────│                                 "
"        │ read-only ─────────────────────────── ▌ MODELS                              │                                 "
"        │                                        probed       not yet                 │                                 "
"        │                                        reasoner     --                      │                                 "
"        │                                        judgment     --                      │▌ ATLAS READ                     "
"        │                                        workforce    --                      │ state      --                   "
"        │                                                                             │ agreement  --                   "
"        │                                                                             │ conviction --                   "
"        │                                                                             │ news       --                   "
"        │                                                                             │─────────────────────────────────"
"        │                                        read-only ───────────────────────────│ ⠀⠀⠀⠀⠀⠀⠀⠀⠀⠀⠀⠀                    "
"        │                                       ▌ UNIVERSE                            │ ⠀⠀⠀⠀⠀⠀⠀⠀⠀⠀⠀⠀                    "
"        │                                        no universe in the last snapshot     │ ⠤⢄⣀⣀⣀⠤⠔⠊⠉⠉⠉⠒                    "
"        │▌ THEME                                                                      │ ⠀⠀⠀⠀⠀⠀⠀⠀⠀⠀⠀⠀                    "
"        │ palette      obsidian · truecolor                                           │ ⠀⠀⠀⠀⠀⠀⠀⠀⠀⠀⠀⠀                    "
"        │ read-only ───────────────────────────  read-only ───────────────────────────│ WATCHING                        "
" /command …                                                                            ● SSE  ● OWNER  --·manual  GLASS "
