---
source: tests/golden_settings.rs
expression: "client.frame(120, 36)"
---
" ACWI 152.47 ▼1.34%   SPY 729.46 ▼1.54%   QQQ 661.73 ▼2.04%   XLK 285.24 ▼2.08%   XLF 52.40 ▲1.24%   ACWI 152.47 ▼1.34% "
" 1 DESK │▌ DESK                                                                       │▌ PULSE                          "
" 2 MKTS │ mode         SYNTHETIC                                                      │ desk stress  …                  "
" 3 BOOK │ data         synthetic                                                      │ regime CALM  robust UNCERTAIN   "
" 4 RSCH │ book         simulated                                                      │ drawdown 0.0%  tier NONE        "
" 5 WORK │ lane         offline · synthetic                                            │ gross 100.0%                    "
" 6 AUDIT│ alpaca login no ALPACA_API_KEY_ID in the environment or .env                │                                 "
"▌7 SETT │                                                                             │▌ BREADTH                        "
"        │                                                                             │ ███████████████████████████████ "
"        │                                                                             │ adv 1 / dec 4                   "
"        │ a types a login · t tests it · /mode switches the desk ─────────────────────│                                 "
"        │▌ POLICY                               ▌ SYSTEM                              │▌ MOVERS                         "
"        │ policy       hrp                       desk         paper                   │ ▲ best  XLF    +1.24%           "
"        │ method ┌──────────────────────────────────────────────────────────┐         │ ▼ worst XLK    -2.08%           "
"        │ algorit│▌ REPLACE THE STORED LOGIN                                │         │                                 "
"        │ objecti│ the active alpaca profile holds a browser login; storing │         │▌ REGIME                         "
"        │ solver │a key pair discards its access token and refresh token,   │         │ … waiting for the regime panel  "
"        │ long on│and they cannot be recovered without logging in again     │         │                                 "
"        │ budget │                                                          │         │                                 "
"        │ per ass│ type CONFIRM to replace it · Esc leaves it alone         │─────────│                                 "
"        │────────│ >                                                        │         │                                 "
"        │ Current│                                                          │         │                                 "
"        │HRP benc└──────────────────────────────────────────────────────────┘5:7b     │                                 "
"        │remains a falsifiable research arm.     judgment     on                      │▌ ATLAS READ                     "
"        │                                        workforce    claude · tiers decide   │ state      STRESS               "
"        │                                                                             │ agreement  ALIGNED              "
"        │                                                                             │ conviction 84.0%                "
"        │                                                                             │ news       alpaca               "
"        │                                                                             │─────────────────────────────────"
"        │                                       ──────────────────────────────────────│ ⠀⠀⠀⠀⠀⠀⠀⠀⠀⠀⠀⠀                    "
"        │                                       ▌ UNIVERSE                            │ ⠀⠀⠀⠀⠀⠀⠀⠀⠀⠀⠀⠀                    "
"        │                                        watching     7 symbols               │ ⠤⢄⣀⣀⣀⠤⠔⠊⠉⠉⠉⠒                    "
"        │▌ THEME                                 ACWI SPY QQQ XLK XLF BNDW DUST       │ ⠀⠀⠀⠀⠀⠀⠀⠀⠀⠀⠀⠀                    "
"        │ palette      obsidian · truecolor                                           │ ⠀⠀⠀⠀⠀⠀⠀⠀⠀⠀⠀⠀                    "
"        │────────────────────────────────────── ──────────────────────────────────────│ WATCHING                        "
" /command …   http://127.0.0.1:8765                                   ● SSE  ● OWNER  SYNTHETIC  propose·auto  OPERATOR "
