---
source: tests/golden_settings.rs
expression: "settings().frame(120, 36)"
---
" ACWI 152.47 ▼1.34%   SPY 729.46 ▼1.54%   QQQ 661.73 ▼2.04%   XLK 285.24 ▼2.08%   XLF 52.40 ▲1.24%   ACWI 152.47 ▼1.34% "
" 1 DESK │▌ DESK                                                                       │▌ PULSE                          "
" 2 MKTS │ mode         SYNTHETIC                                                      │ desk stress  …                  "
" 3 BOOK │ data         synthetic                                                      │ regime CALM  robust UNCERTAIN   "
" 4 RSCH │ book         simulated                                                      │ drawdown 0.0%  tier NONE        "
" 5 WORK │ lane         offline · synthetic                                            │ gross 100.0%                    "
" 6 AUDIT│ alpaca login no ALPACA_API_KEY_ID in the environment or .env                │                                 "
"▌7 SETT │                                                                             │▌ BREADTH                        "
"        │ read-only — this window cannot switch the desk                              │ ███████████████████████████████ "
"        │                                                                             │ adv 1 / dec 4                   "
"        │─────────────────────────────────────────────────────────────────────────────│                                 "
"        │▌ POLICY                               ▌ SYSTEM                              │▌ MOVERS                         "
"        │ policy       hrp                       desk         paper                   │ ▲ best  XLF    +1.24%           "
"        │ method       Hierarchical risk parity  provenance   synthetic · 0 d         │ ▼ worst XLK    -2.08%           "
"        │ algorithm    hrp                       claude       available               │                                 "
"        │ objective    hrp                       mcp          qlab-operator           │▌ REGIME                         "
"        │ solver       hrp                       proxy        available               │ … waiting for the regime panel  "
"        │ long only    yes                       workforce    available               │                                 "
"        │ budget       100.0%                    authority    propose_only            │                                 "
"        │ per asset    0.0% – 40.0%             ──────────────────────────────────────│                                 "
"        │────────────────────────────────────── ▌ UNIVERSE                            │                                 "
"        │ Current evidence favors the robust     watching     6 symbols               │                                 "
"        │HRP benchmark out of sample; MVSK       ACWI SPY QQQ XLK XLF BNDW            │                                 "
"        │remains a falsifiable research arm.    ──────────────────────────────────────│▌ ATLAS READ                     "
"        │                                       ▌ THEME                               │ state      STRESS               "
"        │                                        palette      obsidian · truecolor    │ agreement  ALIGNED              "
"        │                                                                             │ conviction 84.0%                "
"        │                                                                             │ news       alpaca               "
"        │                                                                             │─────────────────────────────────"
"        │                                                                             │ ⠀⠀⠀⠀⠀⠀⠀⠀⠀⠀⠀⠀                    "
"        │                                                                             │ ⠀⠀⠀⠀⠀⠀⠀⠀⠀⠀⠀⠀                    "
"        │                                                                             │ ⠤⢄⣀⣀⣀⠤⠔⠊⠉⠉⠉⠒                    "
"        │                                                                             │ ⠀⠀⠀⠀⠀⠀⠀⠀⠀⠀⠀⠀                    "
"        │                                                                             │ ⠀⠀⠀⠀⠀⠀⠀⠀⠀⠀⠀⠀                    "
"        │                                       ──────────────────────────────────────│ WATCHING                        "
" /command …   http://127.0.0.1:8765                                      ● SSE  ● OWNER  SYNTHETIC  propose·auto  GLASS "
