---
source: tests/golden_settings.rs
expression: "client.frame(120, 36)"
---
" ACWI 152.47 ▼1.34%   SPY 729.46 ▼1.54%   QQQ 661.73 ▼2.04%   XLK 285.24 ▼2.08%   XLF 52.40 ▲1.24%   ACWI 152.47 ▼1.34% "
" 1 ATLAS│▌ DESK                               ▌ NEWS                                  │▌ PULSE                          "
" 2 DESK │ mode         SYNTHETIC               nothing has said what this desk reads  │ desk stress  …                  "
" 3 MKTS │ data         synthetic                                                      │ regime CALM  robust UNCERTAIN   "
" 4 BOOK │ book         simulated                                                      │ drawdown 0.0%  tier NONE        "
" 5 RSCH │ lane         offline · synthetic                                            │ gross 100.0%                    "
" 6 PRED │ alpaca login no ALPACA_API_KEY_ID                                           │                                 "
" 7 WORK │in the environment or .env                                                   │▌ BREADTH                        "
" 8 AUDIT│                                                                             │ ███████████████████████████████ "
"▌9 SETT │                                                                             │ adv 1 / dec 4                   "
"        │──────────────────────────────────── ────────────────────────────────────────│                                 "
"        │▌ METHOD                               ▌ SYSTEM                              │▌ MOVERS                         "
"        │ solving      hrp · B2 · cap none       desk         paper                   │ ▲ best  XLF    +1.24%           "
"        │ ▸ hrp                 B2  now          provenance   synthetic · 0 d         │ ▼ worst XLK    -2.08%           "
"        │   risk_parity         B3               claude       available               │                                 "
"        │   min_variance        A1               mcp          qlab-operator           │▌ REGIME                         "
"        │ not choosable — research stage         proxy        available               │ … waiting for the regime panel  "
"        │   regime_min_variance                  workforce    available               │                                 "
"        │   ▾ 2 more                             authority    propose_only            │                                 "
"        │ m method · k cap ──────────────────── ──────────────────────────────────────│                                 "
"        │▌ POLICY                               ▌ MODELS                              │                                 "
"        │ policy       hrp                       probed       12s ago                 │                                 "
"        │ method       Hierarchical risk parity  reasoner     ollama · qwen2.5:7b     │                                 "
"        │ algorithm    hrp                       judgment     on                      │▌ ATLAS READ                     "
"        │ objective    hrp                       workforce    claude · tiers decide   │ state      STRESS               "
"        │ solver       hrp                                                            │ agreement  ALIGNED              "
"        │ long only    yes                                                            │ conviction 84.0%                "
"        │ budget       100.0%                                                         │ news       alpaca               "
"        │ per asset    0.0% – 40.0%                                                   │─────────────────────────────────"
"        │────────────────────────────────────── ──────────────────────────────────────│ ⠀⠀⠀⠀⠀⠀⠀⠀⠀⠀⠀⠀                    "
"        │ Current evidence favors the robust    ▌ UNIVERSE                            │ ⠀⠀⠀⠀⠀⠀⠀⠀⠀⠀⠀⠀                    "
"        │HRP benchmark out of sample; MVSK       watching     7 symbols               │ ⠤⢄⣀⣀⣀⠤⠔⠊⠉⠉⠉⠒                    "
"        │▌ THEME                                 ACWI SPY QQQ XLK XLF BNDW DUST       │ ⠀⠀⠀⠀⠀⠀⠀⠀⠀⠀⠀⠀                    "
"        │ palette      obsidian · truecolor                                           │ ⠀⠀⠀⠀⠀⠀⠀⠀⠀⠀⠀⠀                    "
"        │────────────────────────────────────── ──────────────────────────────────────│ WATCHING                        "
" /command …   http://127.0.0.1:8765                                   ● SSE  ● OWNER  SYNTHETIC  propose·auto  OPERATOR "
