---
source: tests/golden_door.rs
expression: "Client::new(unsaid()).frame(120, 36)"
---
" no market assets in the last snapshot                                                                                  "
"▌1 DESK │▌ THE READ                     ▌ EQUITY                                      │▌ PULSE                          "
" 2 MKTS │⠯ waiting for an Atlas read    ⠯ waiting for a marked book                   │ desk stress  …                  "
" 3 BOOK │                                                                             │ regime --  robust --            "
" 4 RSCH │ATLAS                                                                        │ drawdown --  tier --            "
" 5 WORK │· The owner has not reported a                                               │ gross --                        "
" 6 AUDIT│  mode for Atlas.              ──────────────────────────────────────────────│                                 "
" 7 SETT │· No trigger has fired — no    ▌ REGIME                ▌ ALERTS              │▌ BREADTH                        "
"        │  drawdown tier, drift breach, ⠯ waiting for a regime  ⠯ waiting for a stress│ --                              "
"        │  regime flip, or data outage.                                               │ adv -- / dec --                 "
"        │  Nothing to act on is not                                                   │                                 "
"        │  idle by accident.                                                          │▌ MOVERS                         "
"        │                                                                             │ --                              "
"        │                 ┌──────────────────────────────────────────────────────────────────┐                          "
"        │                 │▌ THIS DESK                                                       │E                         "
"        │                 │ The owner answered and did not say which desk this is.           │ing for the regime panel  "
"        │                 │                                                                  │                          "
"        │                 │ This window is GLASS — it watches the desk and points it nowhere.│                          "
"        │                 │ --operator arms a window to choose the data, the book and the    │                          "
"        │                 │ models; --pick asks again on a desk that has already answered.   │                          "
"        │                 │                                                                  │                          "
"        │                 │ Any key dismisses this.                                          │                          "
"        │                 └──────────────────────────────────────────────────────────────────┘                          "
"        │                                                                             │▌ ATLAS READ                     "
"        │                                                                             │ state      --                   "
"        │                               ──────────────────────────────────────────────│ agreement  --                   "
"        │                               ▌ VERDICT               ▌ REPLAY              │ conviction --                   "
"        │                               no verdict yet          ⠯ waiting for a stress│ news       --                   "
"        │                                                                             │─────────────────────────────────"
"        │                                                                             │ ⠀⠀⠀⠀⠀⠀⠀⠀⠀⠀⠀⠀                    "
"        │                                                                             │ ⠀⠀⠀⠀⠀⠀⠀⠀⠀⠀⠀⠀                    "
"        │                                                                             │ ⠤⢄⣀⣀⣀⠤⠔⠊⠉⠉⠉⠒                    "
"        │                                                                             │ ⠀⠀⠀⠀⠀⠀⠀⠀⠀⠀⠀⠀                    "
"        │                                                                             │ ⠀⠀⠀⠀⠀⠀⠀⠀⠀⠀⠀⠀                    "
"        │                               ─────────────────────── ──────────────────────│ WATCHING                        "
" /command …                                                                            ● SSE  ● OWNER  --·manual  GLASS "
