---
source: tests/golden_workforce.rs
expression: "desk().frame(120, 36)"
---
" no market assets in the last snapshot                                                                                  "
" 1 ATLAS│▌ WORKFLOWS                                                  driving 805e0729│▌ PULSE                          "
" 2 DESK │▌805e0729 running     Review the current portfolio and market read.     29m  │ desk stress  …                  "
" 3 MKTS │  ●───●───●•──◉───○  referee     Regime NEUTRAL (fragile calm, 2 of 5…       │ regime --  robust --            "
" 4 BOOK │  ↳ no progress yet                                                          │ drawdown --  tier --            "
" 5 RSCH │                                                                             │ gross --                        "
" 6 PRED │                                                                             │                                 "
"▌7 WORK │                                                                             │▌ BREADTH                        "
" 8 AUDIT│                                                                             │ --                              "
" 9 SETT │                                                                             │ adv -- / dec --                 "
" 0 VIS  │                                                                             │                                 "
"        │                                                                             │▌ MOVERS                         "
"        │                                                                             │ --                              "
"        │                                                                             │                                 "
"        │                                                                             │▌ REGIME                         "
"        │                                                                             │ … waiting for the regime panel  "
"        │                                                                             │                                 "
"        │                                                                             │                                 "
"        │                                                                             │                                 "
"        │                                                                             │                                 "
"        │─────────────────────────────────────────────────────────────────────────────│                                 "
"        │▌ CONSOLE                                                        newest first│                                 "
"        │the workforce has said nothing yet                                           │                                 "
"        │                                                                             │▌ ATLAS READ                     "
"        │                                                                             │ state      --                   "
"        │                                                                             │ agreement  --                   "
"        │                                                                             │ conviction --                   "
"        │                                                                             │ news       --                   "
"        │                                                                             │─────────────────────────────────"
"        │                                                                             │ ⠀⠀⠀⠀⠀⠀⠀⠀⠀⠀⠀⠀                    "
"        │                                                                             │ ⠀⣀⢄⡀⠀⣀⢄⡀⠀⣀⢄⡀                    "
"        │                                                                             │ ⢌⠀⠀⢈⢌⠀⠀⢈⢌⠀⠀⢈                    "
"        │                                                                             │ ⠀⠉⠊⠁⠀⠉⠊⠁⠀⠉⠊⠁                    "
"        │─────────────────────────────────────────────────────────────────────────────│ ⠀⠀⠀⠀⠀⠀⠀⠀⠀⠀⠀⠀                    "
"        │  i ask the desk    S start a workflow                                       │ WORKING                         "
" /command …                                                                         ● SSE  ● OWNER  --·manual  OPERATOR "
