---
source: tests/golden_shell.rs
expression: "frame_to_string(&rail_store(), 120, 36)"
---
" SPY 729.46 ▲0.42%   QQQ 661.73 ▲1.10%   XLF 52.40 ▲0.15%   GLD 201.77 ▼0.88%   VNQ 88.12 ▼1.63%   SPY 729.46 ▲0.42%   Q"
"▌1 DESK │▌ WHY THE DESK IS QUIET        ▌ EQUITY               ▌ REGIME               │▌ PULSE                          "
" 2 MKTS │                               --                     --                     │ ██████████55  NEUTRAL           "
" 3 BOOK │• Mode is RESEARCH but autonomy──────────────────────────────────────────────│ regime STRESS  robust UNCERTAIN "
" 4 RSCH │is OFF — Atlas queues work and ▌ ALLOCATION           ▌ ALERTS               │ drawdown -3.1%  tier WARNING    "
" 5 WORK │waits.                         --                     --                     │ gross 94.0%                     "
" 6 AUDIT│                               ──────────────────────────────────────────────│                                 "
" 7 SETT │• No trigger has fired — no    ▌ VERDICT              ▌ REPLAY               │▌ BREADTH                        "
"        │drawdown tier, drift breach,   --                     --                     │ ███████████████████████████████ "
"        │regime flip, or data outage.   ──────────────────────────────────────────────│ adv 3 / dec 2                   "
"        │Nothing to act on is not idle                                                │                                 "
"        │by accident.                                                                 │▌ MOVERS                         "
"        │                                                                             │ ▲ best  QQQ    +1.10%           "
"        │                                                                             │ ▼ worst VNQ    -1.63%           "
"        │                                                                             │                                 "
"        │                                                                             │▌ REGIME                         "
"        │                                                                             │ ◈ turbulence STRESS ▰▰▰▰▰▰▰▰▰▱  "
"        │                                                                             │ ◉ absorption CALM   ▰▰▰▰▱▱▱▱▱▱  "
"        │                                                                             │ ▽ drawdown   STRESS ▰▰▰▰▰▰▰▰▰▱  "
"        │                                                                             │ ◣ tail risk  CALM   ▰▰▰▰▰▰▱▱▱▱  "
"        │                                                                             │ ◐ vol term   CALM   ▰▰▰▱▱▱▱▱▱▱  "
"        │                                                                             │                                 "
"        │                                                                             │                                 "
"        │                                                                             │▌ ATLAS READ                     "
"        │                                                                             │ state      --                   "
"        │                                                                             │ agreement  --                   "
"        │                                                                             │ conviction --                   "
"        │                                                                             │ news       --                   "
"        │                                                                             │─────────────────────────────────"
"        │                                                                             │ ⠀⠀⠀⠀⠀⠀⠀⠀⠀⠀⠀⠀                    "
"        │                                                                             │ ⠀⠀⠀⠀⠀⠀⠀⠀⠀⠀⠀⠀                    "
"        │                                                                             │ ⠤⢄⣀⣀⣀⠤⠔⠊⠉⠉⠉⠒                    "
"        │                                                                             │ ⠀⠀⠀⠀⠀⠀⠀⠀⠀⠀⠀⠀                    "
"        │                                                                             │ ⠀⠀⠀⠀⠀⠀⠀⠀⠀⠀⠀⠀                    "
"        │                                                                             │ WATCHING                        "
" /command …                                                                      ● SSE  ● OWNER  research·manual  GLASS "
