---
source: tests/golden_settings.rs
expression: "settings_from(r#\"{\"llm\": {}, \"policy\": {\"constraints\": {}}, \"system\": {}, \"desk_mode\": {}}\"#).frame(120,\n36)"
---
" no market assets in the last snapshot                                                                                  "
" 1 DESK │▌ DESK                                                                       │▌ PULSE                          "
" 2 MKTS │ mode         --                                                             │ desk stress  …                  "
" 3 BOOK │ data         --                                                             │ regime --  robust --            "
" 4 RSCH │ book         --                                                             │ drawdown --  tier --            "
" 5 WORK │ lane         --                                                             │ gross --                        "
" 6 AUDIT│ alpaca login --                                                             │                                 "
"▌7 SETT │                                                                             │▌ BREADTH                        "
"        │ read-only — this window cannot switch the desk                              │ --                              "
"        │                                                                             │ adv -- / dec --                 "
"        │─────────────────────────────────────────────────────────────────────────────│                                 "
"        │▌ POLICY                               ▌ SYSTEM                              │▌ MOVERS                         "
"        │ policy       --                        desk         --                      │ --                              "
"        │ method       --                        provenance   --                      │                                 "
"        │ algorithm    --                        claude       --                      │▌ REGIME                         "
"        │ objective    --                        mcp          none configured         │ … waiting for the regime panel  "
"        │ solver       --                        proxy        --                      │                                 "
"        │ long only    --                        workforce    --                      │                                 "
"        │ budget       --                        authority    --                      │                                 "
"        │ per asset    --                       ──────────────────────────────────────│                                 "
"        │────────────────────────────────────── ▌ MODELS                              │                                 "
"        │                                        reasoner     --                      │                                 "
"        │                                        judgment     --                      │                                 "
"        │                                        workforce    --                      │▌ ATLAS READ                     "
"        │                                        probed       not yet                 │ state      --                   "
"        │                                                                             │ agreement  --                   "
"        │                                                                             │ conviction --                   "
"        │                                                                             │ news       --                   "
"        │                                                                             │─────────────────────────────────"
"        │                                       ──────────────────────────────────────│ ⠀⠀⠀⠀⠀⠀⠀⠀⠀⠀⠀⠀                    "
"        │                                       ▌ UNIVERSE                            │ ⠀⠀⠀⠀⠀⠀⠀⠀⠀⠀⠀⠀                    "
"        │                                        no universe in the last snapshot     │ ⠤⢄⣀⣀⣀⠤⠔⠊⠉⠉⠉⠒                    "
"        │▌ THEME                                                                      │ ⠀⠀⠀⠀⠀⠀⠀⠀⠀⠀⠀⠀                    "
"        │ palette      obsidian · truecolor                                           │ ⠀⠀⠀⠀⠀⠀⠀⠀⠀⠀⠀⠀                    "
"        │────────────────────────────────────── ──────────────────────────────────────│ WATCHING                        "
" /command …                                                                            ● SSE  ● OWNER  --·manual  GLASS "
