---
source: tests/golden_desk.rs
expression: "desk_from(DESK).frame(90, 24)"
---
" no market assets in the last snapshot                                                    "
" 1 ATLAS│▌ THE READ  2026-07-30                         │▌ PULSE                          "
"▌2 DESK │▮ 42.0% CONVICTION                             │ desk stress  …                  "
" 3 MKTS │DIVERGENT · STRESS                             │ regime CALM  robust UNCERTAIN   "
" 4 BOOK │                                               │ drawdown --  tier WARNING       "
" 5 RSCH │TENSIONS                                       │ gross --                        "
" 6 PRED │▌ Absorption is high while the tape is quiet.  │                                 "
" 7 WORK │                                               │ ▾ 3 more below                  "
" 8 AUDIT│WOULD CHANGE THIS                              │                                 "
" 9 SETT │▌ Absorption falling back under its threshold. │                                 "
" 0 VIS  │                                               │                                 "
"        │OBSERVATIONS                                   │▌ ATLAS READ                     "
"        │▌ Panel reads stress with 3 of 5 detectors     │ state      STRESS               "
"        │  agreeing.                                    │ agreement  DIVERGENT            "
"        │                                               │ conviction 42.0%                "
"        │NEWS                                           │ news       alpaca               "
"        │RISK OFF · alpaca                              │─────────────────────────────────"
"        │› Rate-path comments move futures              │ ⠀⠀⠀⠀⠀⠀⠀⠀⠀⠀⠀⠀                    "
"        │▾ 7 more                                       │ ⠀⠀⠀⠀⠀⠀⠀⠀⠀⠀⠀⠀                    "
"        │read c60c46006d926733                          │ ⠤⢄⣀⣀⣀⠤⠔⠊⠉⠉⠉⠒                    "
"        │window 45fbb3f32be5bef9                        │ ⠀⠀⠀⠀⠀⠀⠀⠀⠀⠀⠀⠀                    "
"        │EQUITY $10,000.00                              │ ⠀⠀⠀⠀⠀⠀⠀⠀⠀⠀⠀⠀                    "
"        │▸ the tiles need 22 more columns               │ WATCHING                        "
" /command …                                           ● SSE  ● OWNER  propose·auto  GLASS "
