---
source: tests/golden_terminal.rs
expression: frame
---
"┌ ▌ ATLAS ─────────────────────────────────────────────────────────── qlab cli ┐"
"│the desk is up on :8765                                                       │"
"│> what changed in the regime read?                                            │"
"│█                                                                             │"
"│                                                                              │"
"│                                                                              │"
"│                                                                              │"
"│                                                                              │"
"│                                                                              │"
"└ the keyboard is Claude's · ctrl-] returns it ────────────────────────────────┘"
